// Jest Snapshot v1, https://goo.gl/fbAQLP

exports[`should render ExpenseListItem with expense index 0 1`] = `
<div>
  <Link
    replace={false}
    to="/edit/1"
  >
    <h3>
      water bill
    </h3>
  </Link>
  <p>
    $15.00
    -
    31st / Dec / 69
  </p>
</div>
`;
